Generation 100: scoring 38 of 100 front solutions (delta_loss <= 1.0) with 2048-token windows
Loading weights:   0%|          | 0/290 [00:00<?, ?it/s]Loading weights: 100%|##########| 290/290 [00:00<00:00, 9025.10it/s]
[transformers] Token indices sequence length is longer than the specified maximum sequence length for this model (299078 > 131072). Running this sequence through the model will result in indexing errors
Test set wikitext2: 146 windows, 299008 tokens
Test set c4: 256 windows, 524288 tokens
uncompressed: wikitext2 ppl 14.255, c4 ppl 21.456
k=17 c=0.999 436.4 MB | wikitext2 ppl 48.058, c4 ppl 62.891 | 203s
k=17 c=0.999 437.1 MB | wikitext2 ppl 47.426, c4 ppl 61.031 | 203s
k=17 c=0.853 439.5 MB | wikitext2 ppl 45.528, c4 ppl 57.986 | 202s
k=17 c=0.851 439.8 MB | wikitext2 ppl 44.135, c4 ppl 56.782 | 203s
k=17 c=0.854 439.9 MB | wikitext2 ppl 43.042, c4 ppl 56.414 | 202s
k=17 c=0.849 441.0 MB | wikitext2 ppl 41.604, c4 ppl 53.672 | 202s
k=17 c=1.000 443.5 MB | wikitext2 ppl 35.284, c4 ppl 48.653 | 202s
k=17 c=1.000 444.9 MB | wikitext2 ppl 34.996, c4 ppl 47.397 | 202s
k=17 c=0.859 446.6 MB | wikitext2 ppl 35.477, c4 ppl 47.566 | 202s
k=17 c=0.852 446.8 MB | wikitext2 ppl 31.845, c4 ppl 44.279 | 202s
k=17 c=0.862 448.3 MB | wikitext2 ppl 31.367, c4 ppl 41.789 | 202s
k=17 c=0.862 449.1 MB | wikitext2 ppl 30.403, c4 ppl 41.535 | 202s
k=17 c=0.862 449.9 MB | wikitext2 ppl 29.417, c4 ppl 39.999 | 202s
k=16 c=0.811 451.1 MB | wikitext2 ppl 26.908, c4 ppl 37.956 | 202s
k=17 c=0.849 455.1 MB | wikitext2 ppl 26.307, c4 ppl 36.699 | 202s
k=17 c=0.849 456.5 MB | wikitext2 ppl 26.380, c4 ppl 35.079 | 203s
k=17 c=0.848 458.0 MB | wikitext2 ppl 24.780, c4 ppl 34.065 | 202s
k=17 c=0.848 459.1 MB | wikitext2 ppl 24.428, c4 ppl 33.319 | 202s
k=17 c=0.848 461.6 MB | wikitext2 ppl 23.808, c4 ppl 32.338 | 202s
k=17 c=0.848 461.6 MB | wikitext2 ppl 23.808, c4 ppl 32.338 | 202s
k=31 c=0.881 488.5 MB | wikitext2 ppl 20.842, c4 ppl 30.560 | 202s
k=31 c=0.915 488.9 MB | wikitext2 ppl 20.615, c4 ppl 29.867 | 202s
k=31 c=0.918 490.3 MB | wikitext2 ppl 19.886, c4 ppl 29.221 | 202s
k=31 c=0.910 491.4 MB | wikitext2 ppl 19.458, c4 ppl 28.807 | 202s
k=32 c=0.908 492.4 MB | wikitext2 ppl 19.168, c4 ppl 28.449 | 202s
k=31 c=0.911 493.4 MB | wikitext2 ppl 18.799, c4 ppl 27.878 | 202s
k=32 c=0.913 495.0 MB | wikitext2 ppl 18.300, c4 ppl 27.289 | 202s
k=32 c=0.913 495.5 MB | wikitext2 ppl 18.095, c4 ppl 26.999 | 202s
k=29 c=0.903 496.6 MB | wikitext2 ppl 17.353, c4 ppl 25.934 | 202s
k=30 c=0.909 496.7 MB | wikitext2 ppl 16.274, c4 ppl 24.078 | 202s
k=32 c=0.909 496.7 MB | wikitext2 ppl 15.882, c4 ppl 23.640 | 202s
k=33 c=0.956 514.5 MB | wikitext2 ppl 15.670, c4 ppl 23.575 | 202s
k=33 c=0.956 514.6 MB | wikitext2 ppl 15.664, c4 ppl 23.560 | 202s
k=44 c=0.909 541.4 MB | wikitext2 ppl 15.475, c4 ppl 22.640 | 202s
k=64 c=0.947 541.4 MB | wikitext2 ppl 14.676, c4 ppl 22.046 | 202s
k=65 c=0.947 571.2 MB | wikitext2 ppl 14.740, c4 ppl 22.050 | 202s
k=125 c=0.986 586.1 MB | wikitext2 ppl 14.332, c4 ppl 21.565 | 202s
k=236 c=0.971 630.9 MB | wikitext2 ppl 14.323, c4 ppl 21.512 | 202s
Done. 38 solutions in compress_runs/local_100\test_scores.json
