=== 2026-10-04 04:34:58  python -m scripts.compress_search --model nanochat:base:d34 --include embeddings lm_head --pop-size 100 --n-gen 10 --seed 42 --k-space log2 --auto-k-bounds --c-min 0.9 --alpha-min -0.3 --beta-max 0.3 --max-delta-loss 1.0 --calib-seqs 128 --seq-len 2048 --calib-every 0 --calib-from compress_runs/d34_10_log2_autok_c0.9_prune0.3_calib_fixed_128x2048_maxdelta1.0 --eval-batch-size 2 --wikitext-seqs 0 --c4-test-seqs 0 --out-dir compress_runs/d34_10_log2_autok_c0.9_prune0.3_calib_fixed_128x2048_maxdelta1.0_inc-embeddings-lm_head
Traceback (most recent call last):
  File "/usr/lib/python3.10/runpy.py", line 196, in _run_module_as_main
    return _run_code(code, main_globals, None,
  File "/usr/lib/python3.10/runpy.py", line 86, in _run_code
    exec(code, run_globals)
  File "/mnt/local/scratch-jobs/job-82-4273307770/scripts/compress_search.py", line 409, in <module>
    shutil.copy(os.path.join(args.calib_from, "calib_pool.pt"), pool_path)
  File "/usr/lib/python3.10/shutil.py", line 417, in copy
    copyfile(src, dst, follow_symlinks=follow_symlinks)
  File "/usr/lib/python3.10/shutil.py", line 254, in copyfile
    with open(src, 'rb') as fsrc:
FileNotFoundError: [Errno 2] No such file or directory: 'compress_runs/d34_10_log2_autok_c0.9_prune0.3_calib_fixed_128x2048_maxdelta1.0/calib_pool.pt'
=== 2026-10-04 04:42:12  python -m scripts.compress_search --model nanochat:base:d34 --include embeddings lm_head --pop-size 100 --n-gen 10 --seed 42 --k-space log2 --auto-k-bounds --c-min 0.9 --alpha-min -0.3 --beta-max 0.3 --max-delta-loss 1.0 --calib-seqs 128 --seq-len 2048 --calib-every 0 --eval-batch-size 2 --wikitext-seqs 0 --c4-test-seqs 0 --out-dir compress_runs/d34_10_log2_autok_c0.9_prune0.3_calib_fixed_128x2048_maxdelta1.0_inc-embeddings-lm_head
Loading nanochat:base:d34 on cuda
2026-10-04 04:42:18,844 - httpx - [32m[1mINFO[0m - HTTP Request: GET https://huggingface.co/api/agent-harnesses "HTTP/1.1 200 OK"
2026-10-04 04:42:18,892 - httpx - [32m[1mINFO[0m - HTTP Request: HEAD https://huggingface.co/kernels-community/flash-attn3/resolve/main/build/torch29-cxx11-cu128-x86_64-linux/__init__.py "HTTP/1.1 307 Temporary Redirect"
2026-10-04 04:42:18,893 - huggingface_hub.utils._http - [33m[1mWARNING[0m - Warning: You are sending unauthenticated requests to the HF Hub. Please set a HF_TOKEN to enable higher rate limits and faster downloads.
2026-10-04 04:42:18,911 - httpx - [32m[1mINFO[0m - HTTP Request: HEAD https://huggingface.co/api/resolve-cache/models/kernels-community/flash-attn3/e29f138fc363b396e5d2706c8a5f6fa7d36f41e0/build%2Ftorch29-cxx11-cu128-x86_64-linux%2F__init__.py?%2Fkernels-community%2Fflash-attn[1m3%[0m2Fresolve%2Fmain%2Fbuild%2Ftorch29-cxx11-cu128-x86_64-linux%2F__init__.py=&etag=%223d12edd447e84d6e65c4fa9ab91ae3c3192884c[1m1%[0m22 "HTTP/1.1 200 OK"
2026-10-04 04:42:18,960 - httpx - [32m[1mINFO[0m - HTTP Request: GET https://huggingface.co/api/models/kernels-community/flash-attn3/revision/main "HTTP/1.1 200 OK"
Fetching 7 files:   0%|                                                                              | 0/7 [00:00<?, ?it/s]Fetching 7 files: 100%|████████████████████████████████████████████████████████████████████| 7/7 [00:00<00:00, 1340.52it/s]
Loaded nanochat:base:d34 step 169150 with the pre-2026 nanochat architecture (nanochat/gpt_legacy.py)
Compressing 206 matrices, 2217.1M weights (100.0% of params), originals kept on GPU
Sampling 1 calibration batch(es) of 128 x 2048 tokens from allenai/c4 train...
2026-10-04 04:42:21,409 - httpx - [32m[1mINFO[0m - HTTP Request: HEAD https://huggingface.co/datasets/allenai/c4/resolve/main/README.md "HTTP/1.1 307 Temporary Redirect"
2026-10-04 04:42:21,426 - httpx - [32m[1mINFO[0m - HTTP Request: HEAD https://huggingface.co/api/resolve-cache/datasets/allenai/c4/1588ec454efa1a09f29cd18ddd04fe05fc8653a2/README.md?%2Fdatasets%2Fallenai%2Fc[1m4%[0m2Fresolve%2Fmain%2FREADME.md=&etag=%222a750bf152e98e6eb2a14a6c2bd58c940c3cf[1m504%[0m22 "HTTP/1.1 200 OK"
2026-10-04 04:42:21,473 - httpx - [32m[1mINFO[0m - HTTP Request: HEAD https://huggingface.co/datasets/allenai/c4/resolve/1588ec454efa1a09f29cd18ddd04fe05fc8653a2/c4.py "HTTP/1.1 404 Not Found"
2026-10-04 04:42:21,595 - httpx - [32m[1mINFO[0m - HTTP Request: HEAD https://s3.amazonaws.com/datasets.huggingface.co/datasets/datasets/allenai/c4/allenai/c4.py "HTTP/1.1 404 Not Found"
2026-10-04 04:42:21,797 - httpx - [32m[1mINFO[0m - HTTP Request: GET https://huggingface.co/api/datasets/allenai/c4/revision/1588ec454efa1a09f29cd18ddd04fe05fc8653a2 "HTTP/1.1 200 OK"
2026-10-04 04:42:22,174 - httpx - [32m[1mINFO[0m - HTTP Request: HEAD https://huggingface.co/datasets/allenai/c4/resolve/1588ec454efa1a09f29cd18ddd04fe05fc8653a2/.huggingface.yaml "HTTP/1.1 404 Not Found"
2026-10-04 04:42:22,326 - httpx - [32m[1mINFO[0m - HTTP Request: GET https://datasets-server.huggingface.co/info?dataset=allenai/c4 "HTTP/1.1 200 OK"
2026-10-04 04:42:22,439 - httpx - [32m[1mINFO[0m - HTTP Request: GET https://huggingface.co/api/datasets/allenai/c4/tree/1588ec454efa1a09f29cd18ddd04fe05fc8653a2/en?recursive=true&expand=false "HTTP/1.1 200 OK"
2026-10-04 04:42:22,518 - httpx - [32m[1mINFO[0m - HTTP Request: GET https://huggingface.co/api/datasets/allenai/c4/tree/1588ec454efa1a09f29cd18ddd04fe05fc8653a2/en?expand=false&recursive=true&limit=1000&cursor=ZXlKbWFXeGxYMjVoYldVaU9pSmxiaTlqTkMxMGNtRnBiaTR3TURrNU9TMXZaaTB3TVRBeU5DNXFjMjl1TG1kNklpd2lkSEpsWlY5dmFXUWlPaUprWXprME0yTTBZelF3WmpVelpEQXlZak14WTJWa01XUmxabUUzWlRWbU5ETTRaRFU0TmpKbEluMD06MTAwMA%3D%3D "HTTP/1.1 200 OK"
2026-10-04 04:42:22,565 - httpx - [32m[1mINFO[0m - HTTP Request: GET https://huggingface.co/api/datasets/allenai/c4/tree/1588ec454efa1a09f29cd18ddd04fe05fc8653a2?recursive=false&expand=false "HTTP/1.1 200 OK"
2026-10-04 04:42:22,774 - httpx - [32m[1mINFO[0m - HTTP Request: HEAD https://huggingface.co/datasets/allenai/c4/resolve/1588ec454efa1a09f29cd18ddd04fe05fc8653a2/dataset_infos.json "HTTP/1.1 404 Not Found"
2026-10-04 04:42:23,096 - httpx - [32m[1mINFO[0m - HTTP Request: GET https://huggingface.co/api/datasets/allenai/c4/revision/1588ec454efa1a09f29cd18ddd04fe05fc8653a2 "HTTP/1.1 200 OK"
2026-10-04 04:42:23,122 - httpx - [32m[1mINFO[0m - HTTP Request: GET https://huggingface.co/api/datasets/allenai/c4/revision/1588ec454efa1a09f29cd18ddd04fe05fc8653a2 "HTTP/1.1 200 OK"
2026-10-04 04:42:23,124 - httpx - [32m[1mINFO[0m - HTTP Request: GET https://huggingface.co/api/datasets/allenai/c4/revision/1588ec454efa1a09f29cd18ddd04fe05fc8653a2 "HTTP/1.1 200 OK"
2026-10-04 04:42:23,132 - httpx - [32m[1mINFO[0m - HTTP Request: GET https://huggingface.co/api/datasets/allenai/c4/revision/1588ec454efa1a09f29cd18ddd04fe05fc8653a2 "HTTP/1.1 200 OK"
2026-10-04 04:42:23,133 - httpx - [32m[1mINFO[0m - HTTP Request: GET https://huggingface.co/api/datasets/allenai/c4/revision/1588ec454efa1a09f29cd18ddd04fe05fc8653a2 "HTTP/1.1 200 OK"
2026-10-04 04:42:23,135 - httpx - [32m[1mINFO[0m - HTTP Request: GET https://huggingface.co/api/datasets/allenai/c4/revision/1588ec454efa1a09f29cd18ddd04fe05fc8653a2 "HTTP/1.1 200 OK"
2026-10-04 04:42:23,194 - httpx - [32m[1mINFO[0m - HTTP Request: GET https://huggingface.co/api/datasets/allenai/c4/revision/1588ec454efa1a09f29cd18ddd04fe05fc8653a2 "HTTP/1.1 200 OK"
2026-10-04 04:42:23,207 - httpx - [32m[1mINFO[0m - HTTP Request: GET https://huggingface.co/api/datasets/allenai/c4/revision/1588ec454efa1a09f29cd18ddd04fe05fc8653a2 "HTTP/1.1 200 OK"
2026-10-04 04:42:23,208 - httpx - [32m[1mINFO[0m - HTTP Request: GET https://huggingface.co/api/datasets/allenai/c4/revision/1588ec454efa1a09f29cd18ddd04fe05fc8653a2 "HTTP/1.1 200 OK"
2026-10-04 04:42:23,214 - httpx - [32m[1mINFO[0m - HTTP Request: GET https://huggingface.co/api/datasets/allenai/c4/revision/1588ec454efa1a09f29cd18ddd04fe05fc8653a2 "HTTP/1.1 200 OK"
2026-10-04 04:42:23,522 - httpx - [32m[1mINFO[0m - HTTP Request: GET https://huggingface.co/api/datasets/allenai/c4/tree/1588ec454efa1a09f29cd18ddd04fe05fc8653a2/en?recursive=false&expand=false "HTTP/1.1 200 OK"
2026-10-04 04:42:23,631 - httpx - [32m[1mINFO[0m - HTTP Request: GET https://huggingface.co/api/datasets/allenai/c4/tree/1588ec454efa1a09f29cd18ddd04fe05fc8653a2/en?expand=false&recursive=false&limit=1000&cursor=ZXlKbWFXeGxYMjVoYldVaU9pSmxiaTlqTkMxMGNtRnBiaTR3TURrNU9TMXZaaTB3TVRBeU5DNXFjMjl1TG1kNklpd2lkSEpsWlY5dmFXUWlPaUprWXprME0yTTBZelF3WmpVelpEQXlZak14WTJWa01XUmxabUUzWlRWbU5ETTRaRFU0TmpKbEluMD06MTAwMA%3D%3D "HTTP/1.1 200 OK"
2026-10-04 04:42:23,879 - httpx - [32m[1mINFO[0m - HTTP Request: GET https://huggingface.co/datasets/allenai/c4/resolve/1588ec454efa1a09f29cd18ddd04fe05fc8653a2/en/c4-train.00084-of-01024.json.gz "HTTP/1.1 302 Found"
2026-10-04 04:42:23,986 - httpx - [32m[1mINFO[0m - HTTP Request: GET https://huggingface.co/api/datasets/allenai/c4/tree/1588ec454efa1a09f29cd18ddd04fe05fc8653a2/en?recursive=false&expand=false "HTTP/1.1 200 OK"
2026-10-04 04:42:24,053 - httpx - [32m[1mINFO[0m - HTTP Request: GET https://us.gcp.cdn.hf.co/xet-bridge-us/621ffdd236468d709f182a80/8988e8129109f96e8620a7f93f712ea20cf4a4c7813f39d879e5d2da0d0bd6e9?response-content-disposition=inline%3B+filename*%3DUTF-[1m8%[0m[1m27%[0m27c4-train.00084-of-01024.json.gz%3B+filename%3D%22c4-train.00084-of-01024.json.gz%[1m22%[0m3B&response-content-type=application%2Fgzip&X-Xet-Cas-Uid=public&user_id=public&xip=VU7X-35DSSs&Expires=1791092543&Policy=eyJTdGF0ZW1lbnQiOlt7IlJlc291cmNlIjoiaHR0cHM6Ly91cy5nY3AuY2RuLmhmLmNvL3hldC1icmlkZ2UtdXMvNjIxZmZkZDIzNjQ2OGQ3MDlmMTgyYTgwLzg5ODhlODEyOTEwOWY5NmU4NjIwYTdmOTNmNzEyZWEyMGNmNGE0Yzc4MTNmMzlkODc5ZTVkMmRhMGQwYmQ2ZTlcXD9yZXNwb25zZS1jb250ZW50LWRpc3Bvc2l0aW9uPSomcmVzcG9uc2UtY29udGVudC10eXBlPSomWC1YZXQtQ2FzLVVpZD1wdWJsaWMmdXNlcl9pZD1wdWJsaWMmeGlwPVZVN1gtMzVEU1NzIiwiQ29uZGl0aW9uIjp7IkRhdGVMZXNzVGhhbiI6eyJFcG9jaFRpbWUiOjE3OTEwOTI1NDN9fX1dfQ__&Signature=MEYCIQCz2xswLFvZMgHqTWQdSMa6IgAr0rboXrWdX5SQ58qetQIhAIoEht-PkYo6aqNMnLF9ujkYbhHAP5itl5EiaisW3epC&Key-Pair-Id=01KXEF4KZ1B6FV465MAWR4M21F&Hash-Algorithm=SHA256 "HTTP/1.1 206 Partial Content"
2026-10-04 04:42:24,319 - httpx - [32m[1mINFO[0m - HTTP Request: GET https://huggingface.co/api/datasets/allenai/c4/tree/1588ec454efa1a09f29cd18ddd04fe05fc8653a2/en?recursive=false&expand=false "HTTP/1.1 200 OK"
2026-10-04 04:42:24,420 - httpx - [32m[1mINFO[0m - HTTP Request: GET https://huggingface.co/api/datasets/allenai/c4/tree/1588ec454efa1a09f29cd18ddd04fe05fc8653a2/en?recursive=false&expand=false "HTTP/1.1 200 OK"
2026-10-04 04:42:24,490 - httpx - [32m[1mINFO[0m - HTTP Request: GET https://huggingface.co/api/datasets/allenai/c4/tree/1588ec454efa1a09f29cd18ddd04fe05fc8653a2/en?expand=false&recursive=false&limit=1000&cursor=ZXlKbWFXeGxYMjVoYldVaU9pSmxiaTlqTkMxMGNtRnBiaTR3TURrNU9TMXZaaTB3TVRBeU5DNXFjMjl1TG1kNklpd2lkSEpsWlY5dmFXUWlPaUprWXprME0yTTBZelF3WmpVelpEQXlZak14WTJWa01XUmxabUUzWlRWbU5ETTRaRFU0TmpKbEluMD06MTAwMA%3D%3D "HTTP/1.1 200 OK"
2026-10-04 04:42:24,566 - httpx - [32m[1mINFO[0m - HTTP Request: GET https://huggingface.co/api/datasets/allenai/c4/tree/1588ec454efa1a09f29cd18ddd04fe05fc8653a2/en?expand=false&recursive=false&limit=1000&cursor=ZXlKbWFXeGxYMjVoYldVaU9pSmxiaTlqTkMxMGNtRnBiaTR3TURrNU9TMXZaaTB3TVRBeU5DNXFjMjl1TG1kNklpd2lkSEpsWlY5dmFXUWlPaUprWXprME0yTTBZelF3WmpVelpEQXlZak14WTJWa01XUmxabUUzWlRWbU5ETTRaRFU0TmpKbEluMD06MTAwMA%3D%3D "HTTP/1.1 200 OK"
2026-10-04 04:42:24,580 - httpx - [32m[1mINFO[0m - HTTP Request: GET https://huggingface.co/datasets/allenai/c4/resolve/1588ec454efa1a09f29cd18ddd04fe05fc8653a2/en/c4-train.00290-of-01024.json.gz "HTTP/1.1 302 Found"
2026-10-04 04:42:24,741 - httpx - [32m[1mINFO[0m - HTTP Request: GET https://huggingface.co/api/datasets/allenai/c4/tree/1588ec454efa1a09f29cd18ddd04fe05fc8653a2/en?recursive=false&expand=false "HTTP/1.1 200 OK"
2026-10-04 04:42:24,827 - httpx - [32m[1mINFO[0m - HTTP Request: GET https://huggingface.co/datasets/allenai/c4/resolve/1588ec454efa1a09f29cd18ddd04fe05fc8653a2/en/c4-train.00264-of-01024.json.gz "HTTP/1.1 302 Found"
2026-10-04 04:42:24,881 - httpx - [32m[1mINFO[0m - HTTP Request: GET https://us.gcp.cdn.hf.co/xet-bridge-us/621ffdd236468d709f182a80/c048de176c98b42f7ca107f768e6273a0cf13980a09ec80ac565e9a258fa4f95?X-Xet-Cas-Uid=public&response-content-type=application%2Fgzip&response-content-disposition=inline%3B+filename*%3DUTF-[1m8%[0m[1m27%[0m27c4-train.00290-of-01024.json.gz%3B+filename%3D%22c4-train.00290-of-01024.json.gz%[1m22%[0m3B&user_id=public&xip=VU7X-35DSSs&Expires=1791092544&Policy=eyJTdGF0ZW1lbnQiOlt7IlJlc291cmNlIjoiaHR0cHM6Ly91cy5nY3AuY2RuLmhmLmNvL3hldC1icmlkZ2UtdXMvNjIxZmZkZDIzNjQ2OGQ3MDlmMTgyYTgwL2MwNDhkZTE3NmM5OGI0MmY3Y2ExMDdmNzY4ZTYyNzNhMGNmMTM5ODBhMDllYzgwYWM1NjVlOWEyNThmYTRmOTVcXD9YLVhldC1DYXMtVWlkPXB1YmxpYyZyZXNwb25zZS1jb250ZW50LXR5cGU9KiZyZXNwb25zZS1jb250ZW50LWRpc3Bvc2l0aW9uPSomdXNlcl9pZD1wdWJsaWMmeGlwPVZVN1gtMzVEU1NzIiwiQ29uZGl0aW9uIjp7IkRhdGVMZXNzVGhhbiI6eyJFcG9jaFRpbWUiOjE3OTEwOTI1NDR9fX1dfQ__&Signature=MEQCIDrONqj981PLWyoTrgmhzD6cO1vnrjs9aBj6cUM1wi%7E6AiAMAd73D8amy6KR8ogxdeAzzrqV%7E18sJIcyLPNREAEnvw__&Key-Pair-Id=01KXEF4KZ1B6FV465MAWR4M21F&Hash-Algorithm=SHA256 "HTTP/1.1 206 Partial Content"
2026-10-04 04:42:24,888 - httpx - [32m[1mINFO[0m - HTTP Request: GET https://huggingface.co/api/datasets/allenai/c4/tree/1588ec454efa1a09f29cd18ddd04fe05fc8653a2/en?expand=false&recursive=false&limit=1000&cursor=ZXlKbWFXeGxYMjVoYldVaU9pSmxiaTlqTkMxMGNtRnBiaTR3TURrNU9TMXZaaTB3TVRBeU5DNXFjMjl1TG1kNklpd2lkSEpsWlY5dmFXUWlPaUprWXprME0yTTBZelF3WmpVelpEQXlZak14WTJWa01XUmxabUUzWlRWbU5ETTRaRFU0TmpKbEluMD06MTAwMA%3D%3D "HTTP/1.1 200 OK"
2026-10-04 04:42:25,086 - httpx - [32m[1mINFO[0m - HTTP Request: GET https://huggingface.co/api/datasets/allenai/c4/tree/1588ec454efa1a09f29cd18ddd04fe05fc8653a2/en?recursive=false&expand=false "HTTP/1.1 200 OK"
2026-10-04 04:42:25,164 - httpx - [32m[1mINFO[0m - HTTP Request: GET https://huggingface.co/datasets/allenai/c4/resolve/1588ec454efa1a09f29cd18ddd04fe05fc8653a2/en/c4-train.00669-of-01024.json.gz "HTTP/1.1 302 Found"
2026-10-04 04:42:25,165 - httpx - [32m[1mINFO[0m - HTTP Request: GET https://us.gcp.cdn.hf.co/xet-bridge-us/621ffdd236468d709f182a80/cf40e292b4f4cc77db59346b4d6a19301e917c3671445111050f0e05e386342e?response-content-disposition=inline%3B+filename*%3DUTF-[1m8%[0m[1m27%[0m27c4-train.00264-of-01024.json.gz%3B+filename%3D%22c4-train.00264-of-01024.json.gz%[1m22%[0m3B&user_id=public&response-content-type=application%2Fgzip&X-Xet-Cas-Uid=public&xip=VU7X-35DSSs&Expires=1791092544&Policy=eyJTdGF0ZW1lbnQiOlt7IlJlc291cmNlIjoiaHR0cHM6Ly91cy5nY3AuY2RuLmhmLmNvL3hldC1icmlkZ2UtdXMvNjIxZmZkZDIzNjQ2OGQ3MDlmMTgyYTgwL2NmNDBlMjkyYjRmNGNjNzdkYjU5MzQ2YjRkNmExOTMwMWU5MTdjMzY3MTQ0NTExMTA1MGYwZTA1ZTM4NjM0MmVcXD9yZXNwb25zZS1jb250ZW50LWRpc3Bvc2l0aW9uPSomdXNlcl9pZD1wdWJsaWMmcmVzcG9uc2UtY29udGVudC10eXBlPSomWC1YZXQtQ2FzLVVpZD1wdWJsaWMmeGlwPVZVN1gtMzVEU1NzIiwiQ29uZGl0aW9uIjp7IkRhdGVMZXNzVGhhbiI6eyJFcG9jaFRpbWUiOjE3OTEwOTI1NDR9fX1dfQ__&Signature=MEQCIF97oO93c%7EOLQYICNTwHwxRkf7s5nw1yrWwhxqaoLywnAiAiy%7EX4-UAJxOE4cdhrbcb8LhfnYprrEG2FuvieMNWWQQ__&Key-Pair-Id=01KXEF4KZ1B6FV465MAWR4M21F&Hash-Algorithm=SHA256 "HTTP/1.1 206 Partial Content"
2026-10-04 04:42:25,243 - httpx - [32m[1mINFO[0m - HTTP Request: GET https://huggingface.co/api/datasets/allenai/c4/tree/1588ec454efa1a09f29cd18ddd04fe05fc8653a2/en?recursive=false&expand=false "HTTP/1.1 200 OK"
2026-10-04 04:42:25,291 - httpx - [32m[1mINFO[0m - HTTP Request: GET https://huggingface.co/api/datasets/allenai/c4/tree/1588ec454efa1a09f29cd18ddd04fe05fc8653a2/en?expand=false&recursive=false&limit=1000&cursor=ZXlKbWFXeGxYMjVoYldVaU9pSmxiaTlqTkMxMGNtRnBiaTR3TURrNU9TMXZaaTB3TVRBeU5DNXFjMjl1TG1kNklpd2lkSEpsWlY5dmFXUWlPaUprWXprME0yTTBZelF3WmpVelpEQXlZak14WTJWa01XUmxabUUzWlRWbU5ETTRaRFU0TmpKbEluMD06MTAwMA%3D%3D "HTTP/1.1 200 OK"
2026-10-04 04:42:25,512 - httpx - [32m[1mINFO[0m - HTTP Request: GET https://huggingface.co/datasets/allenai/c4/resolve/1588ec454efa1a09f29cd18ddd04fe05fc8653a2/en/c4-train.00671-of-01024.json.gz "HTTP/1.1 302 Found"
2026-10-04 04:42:25,525 - httpx - [32m[1mINFO[0m - HTTP Request: GET https://huggingface.co/api/datasets/allenai/c4/tree/1588ec454efa1a09f29cd18ddd04fe05fc8653a2/en?recursive=false&expand=false "HTTP/1.1 200 OK"
2026-10-04 04:42:25,532 - httpx - [32m[1mINFO[0m - HTTP Request: GET https://us.gcp.cdn.hf.co/xet-bridge-us/621ffdd236468d709f182a80/267dc29f7c30b1b07995cea31fad8b19d471689f5f32810858727d4897122e6d?xip=VU7X-35DSSs&response-content-type=application%2Fgzip&response-content-disposition=inline%3B+filename*%3DUTF-[1m8%[0m[1m27%[0m27c4-train.00669-of-01024.json.gz%3B+filename%3D%22c4-train.00669-of-01024.json.gz%[1m22%[0m3B&user_id=public&X-Xet-Cas-Uid=public&Expires=1791092544&Policy=eyJTdGF0ZW1lbnQiOlt7IlJlc291cmNlIjoiaHR0cHM6Ly91cy5nY3AuY2RuLmhmLmNvL3hldC1icmlkZ2UtdXMvNjIxZmZkZDIzNjQ2OGQ3MDlmMTgyYTgwLzI2N2RjMjlmN2MzMGIxYjA3OTk1Y2VhMzFmYWQ4YjE5ZDQ3MTY4OWY1ZjMyODEwODU4NzI3ZDQ4OTcxMjJlNmRcXD94aXA9VlU3WC0zNURTU3MmcmVzcG9uc2UtY29udGVudC10eXBlPSomcmVzcG9uc2UtY29udGVudC1kaXNwb3NpdGlvbj0qJnVzZXJfaWQ9cHVibGljJlgtWGV0LUNhcy1VaWQ9cHVibGljIiwiQ29uZGl0aW9uIjp7IkRhdGVMZXNzVGhhbiI6eyJFcG9jaFRpbWUiOjE3OTEwOTI1NDR9fX1dfQ__&Signature=MEUCIQCqbf1hq0w-yXDm%7EsE%7ENnFmK7ihZA-DmcCqnSqb9QlcKQIgWAX-TJjp5HxCLbfQMVCUDgOuJQgLhzD1JsX1BNc-KNo_&Key-Pair-Id=01KXEF4KZ1B6FV465MAWR4M21F&Hash-Algorithm=SHA256 "HTTP/1.1 206 Partial Content"
2026-10-04 04:42:25,598 - httpx - [32m[1mINFO[0m - HTTP Request: GET https://us.gcp.cdn.hf.co/xet-bridge-us/621ffdd236468d709f182a80/2f99bb95119e2ea7eff59368d1e931c1112cf79c426b09ed9d40a481475dae05?X-Xet-Cas-Uid=public&response-content-type=application%2Fgzip&xip=VU7X-35DSSs&response-content-disposition=inline%3B+filename*%3DUTF-[1m8%[0m[1m27%[0m27c4-train.00671-of-01024.json.gz%3B+filename%3D%22c4-train.00671-of-01024.json.gz%[1m22%[0m3B&user_id=public&Expires=1791092545&Policy=eyJTdGF0ZW1lbnQiOlt7IlJlc291cmNlIjoiaHR0cHM6Ly91cy5nY3AuY2RuLmhmLmNvL3hldC1icmlkZ2UtdXMvNjIxZmZkZDIzNjQ2OGQ3MDlmMTgyYTgwLzJmOTliYjk1MTE5ZTJlYTdlZmY1OTM2OGQxZTkzMWMxMTEyY2Y3OWM0MjZiMDllZDlkNDBhNDgxNDc1ZGFlMDVcXD9YLVhldC1DYXMtVWlkPXB1YmxpYyZyZXNwb25zZS1jb250ZW50LXR5cGU9KiZ4aXA9VlU3WC0zNURTU3MmcmVzcG9uc2UtY29udGVudC1kaXNwb3NpdGlvbj0qJnVzZXJfaWQ9cHVibGljIiwiQ29uZGl0aW9uIjp7IkRhdGVMZXNzVGhhbiI6eyJFcG9jaFRpbWUiOjE3OTEwOTI1NDV9fX1dfQ__&Signature=MEQCIE%7EAenxBKsMErtsze-PeGuv2RPGk-nC2vLSkb250UXuIAiBYv1y-iJZNDF-TjDSo-N2UxZ-6q1Iie5oyi-m4J8RCNg__&Key-Pair-Id=01KXEF4KZ1B6FV465MAWR4M21F&Hash-Algorithm=SHA256 "HTTP/1.1 206 Partial Content"
2026-10-04 04:42:25,643 - httpx - [32m[1mINFO[0m - HTTP Request: GET https://huggingface.co/api/datasets/allenai/c4/tree/1588ec454efa1a09f29cd18ddd04fe05fc8653a2/en?recursive=false&expand=false "HTTP/1.1 200 OK"
2026-10-04 04:42:25,655 - httpx - [32m[1mINFO[0m - HTTP Request: GET https://huggingface.co/api/datasets/allenai/c4/tree/1588ec454efa1a09f29cd18ddd04fe05fc8653a2/en?expand=false&recursive=false&limit=1000&cursor=ZXlKbWFXeGxYMjVoYldVaU9pSmxiaTlqTkMxMGNtRnBiaTR3TURrNU9TMXZaaTB3TVRBeU5DNXFjMjl1TG1kNklpd2lkSEpsWlY5dmFXUWlPaUprWXprME0yTTBZelF3WmpVelpEQXlZak14WTJWa01XUmxabUUzWlRWbU5ETTRaRFU0TmpKbEluMD06MTAwMA%3D%3D "HTTP/1.1 200 OK"
2026-10-04 04:42:25,891 - httpx - [32m[1mINFO[0m - HTTP Request: GET https://huggingface.co/api/datasets/allenai/c4/tree/1588ec454efa1a09f29cd18ddd04fe05fc8653a2/en?expand=false&recursive=false&limit=1000&cursor=ZXlKbWFXeGxYMjVoYldVaU9pSmxiaTlqTkMxMGNtRnBiaTR3TURrNU9TMXZaaTB3TVRBeU5DNXFjMjl1TG1kNklpd2lkSEpsWlY5dmFXUWlPaUprWXprME0yTTBZelF3WmpVelpEQXlZak14WTJWa01XUmxabUUzWlRWbU5ETTRaRFU0TmpKbEluMD06MTAwMA%3D%3D "HTTP/1.1 200 OK"
2026-10-04 04:42:25,908 - httpx - [32m[1mINFO[0m - HTTP Request: GET https://huggingface.co/datasets/allenai/c4/resolve/1588ec454efa1a09f29cd18ddd04fe05fc8653a2/en/c4-train.00020-of-01024.json.gz "HTTP/1.1 302 Found"
2026-10-04 04:42:25,984 - httpx - [32m[1mINFO[0m - HTTP Request: GET https://huggingface.co/datasets/allenai/c4/resolve/1588ec454efa1a09f29cd18ddd04fe05fc8653a2/en/c4-train.00793-of-01024.json.gz "HTTP/1.1 302 Found"
2026-10-04 04:42:25,988 - httpx - [32m[1mINFO[0m - HTTP Request: GET https://huggingface.co/api/datasets/allenai/c4/tree/1588ec454efa1a09f29cd18ddd04fe05fc8653a2/en?expand=false&recursive=false&limit=1000&cursor=ZXlKbWFXeGxYMjVoYldVaU9pSmxiaTlqTkMxMGNtRnBiaTR3TURrNU9TMXZaaTB3TVRBeU5DNXFjMjl1TG1kNklpd2lkSEpsWlY5dmFXUWlPaUprWXprME0yTTBZelF3WmpVelpEQXlZak14WTJWa01XUmxabUUzWlRWbU5ETTRaRFU0TmpKbEluMD06MTAwMA%3D%3D "HTTP/1.1 200 OK"
2026-10-04 04:42:26,004 - httpx - [32m[1mINFO[0m - HTTP Request: GET https://us.gcp.cdn.hf.co/xet-bridge-us/621ffdd236468d709f182a80/3b6c76b67a959b4e4467c556e777205c2b0c11ca47c0efa0f6ae86f6d1ba6ab1?user_id=public&response-content-type=application%2Fgzip&xip=VU7X-35DSSs&X-Xet-Cas-Uid=public&response-content-disposition=inline%3B+filename*%3DUTF-[1m8%[0m[1m27%[0m27c4-train.00020-of-01024.json.gz%3B+filename%3D%22c4-train.00020-of-01024.json.gz%[1m22%[0m3B&Expires=1791092545&Policy=eyJTdGF0ZW1lbnQiOlt7IlJlc291cmNlIjoiaHR0cHM6Ly91cy5nY3AuY2RuLmhmLmNvL3hldC1icmlkZ2UtdXMvNjIxZmZkZDIzNjQ2OGQ3MDlmMTgyYTgwLzNiNmM3NmI2N2E5NTliNGU0NDY3YzU1NmU3NzcyMDVjMmIwYzExY2E0N2MwZWZhMGY2YWU4NmY2ZDFiYTZhYjFcXD91c2VyX2lkPXB1YmxpYyZyZXNwb25zZS1jb250ZW50LXR5cGU9KiZ4aXA9VlU3WC0zNURTU3MmWC1YZXQtQ2FzLVVpZD1wdWJsaWMmcmVzcG9uc2UtY29udGVudC1kaXNwb3NpdGlvbj0qIiwiQ29uZGl0aW9uIjp7IkRhdGVMZXNzVGhhbiI6eyJFcG9jaFRpbWUiOjE3OTEwOTI1NDV9fX1dfQ__&Signature=MEYCIQCNTCnqXnCBnuzyScSDBHdnbeSvQoxssRccTH4KBWgiUAIhANE8Q5tpRApTP0m0M5MkAIkJcfZfKqfgAFH7flY-jm2d&Key-Pair-Id=01KXEF4KZ1B6FV465MAWR4M21F&Hash-Algorithm=SHA256 "HTTP/1.1 206 Partial Content"
2026-10-04 04:42:26,009 - httpx - [32m[1mINFO[0m - HTTP Request: GET https://huggingface.co/api/datasets/allenai/c4/tree/1588ec454efa1a09f29cd18ddd04fe05fc8653a2/en?recursive=false&expand=false "HTTP/1.1 200 OK"
2026-10-04 04:42:26,017 - httpx - [32m[1mINFO[0m - HTTP Request: GET https://huggingface.co/api/datasets/allenai/c4/tree/1588ec454efa1a09f29cd18ddd04fe05fc8653a2/en?expand=false&recursive=false&limit=1000&cursor=ZXlKbWFXeGxYMjVoYldVaU9pSmxiaTlqTkMxMGNtRnBiaTR3TURrNU9TMXZaaTB3TVRBeU5DNXFjMjl1TG1kNklpd2lkSEpsWlY5dmFXUWlPaUprWXprME0yTTBZelF3WmpVelpEQXlZak14WTJWa01XUmxabUUzWlRWbU5ETTRaRFU0TmpKbEluMD06MTAwMA%3D%3D "HTTP/1.1 200 OK"
2026-10-04 04:42:26,048 - httpx - [32m[1mINFO[0m - HTTP Request: GET https://us.gcp.cdn.hf.co/xet-bridge-us/621ffdd236468d709f182a80/2c48f51cac13a890d0b002f4ed0f8dd025f0e2c740d44276fd5868a2bc784e9e?response-content-disposition=inline%3B+filename*%3DUTF-[1m8%[0m[1m27%[0m27c4-train.00793-of-01024.json.gz%3B+filename%3D%22c4-train.00793-of-01024.json.gz%[1m22%[0m3B&user_id=public&X-Xet-Cas-Uid=public&xip=VU7X-35DSSs&response-content-type=application%2Fgzip&Expires=1791092545&Policy=eyJTdGF0ZW1lbnQiOlt7IlJlc291cmNlIjoiaHR0cHM6Ly91cy5nY3AuY2RuLmhmLmNvL3hldC1icmlkZ2UtdXMvNjIxZmZkZDIzNjQ2OGQ3MDlmMTgyYTgwLzJjNDhmNTFjYWMxM2E4OTBkMGIwMDJmNGVkMGY4ZGQwMjVmMGUyYzc0MGQ0NDI3NmZkNTg2OGEyYmM3ODRlOWVcXD9yZXNwb25zZS1jb250ZW50LWRpc3Bvc2l0aW9uPSomdXNlcl9pZD1wdWJsaWMmWC1YZXQtQ2FzLVVpZD1wdWJsaWMmeGlwPVZVN1gtMzVEU1NzJnJlc3BvbnNlLWNvbnRlbnQtdHlwZT0qIiwiQ29uZGl0aW9uIjp7IkRhdGVMZXNzVGhhbiI6eyJFcG9jaFRpbWUiOjE3OTEwOTI1NDV9fX1dfQ__&Signature=MEYCIQCJ1z2Uon4Wl4kMp4lrudpeeLmJbc%7EBnFUc9DZY04tcLAIhAK4CvXknlordBihV26KmhOI3zi4M%7ELsYNQc77vV2pNhW&Key-Pair-Id=01KXEF4KZ1B6FV465MAWR4M21F&Hash-Algorithm=SHA256 "HTTP/1.1 206 Partial Content"
2026-10-04 04:42:26,052 - httpx - [32m[1mINFO[0m - HTTP Request: GET https://huggingface.co/datasets/allenai/c4/resolve/1588ec454efa1a09f29cd18ddd04fe05fc8653a2/en/c4-train.00705-of-01024.json.gz "HTTP/1.1 302 Found"
2026-10-04 04:42:26,076 - httpx - [32m[1mINFO[0m - HTTP Request: GET https://huggingface.co/datasets/allenai/c4/resolve/1588ec454efa1a09f29cd18ddd04fe05fc8653a2/en/c4-train.00217-of-01024.json.gz "HTTP/1.1 302 Found"
2026-10-04 04:42:26,096 - httpx - [32m[1mINFO[0m - HTTP Request: GET https://huggingface.co/api/datasets/allenai/c4/tree/1588ec454efa1a09f29cd18ddd04fe05fc8653a2/en?expand=false&recursive=false&limit=1000&cursor=ZXlKbWFXeGxYMjVoYldVaU9pSmxiaTlqTkMxMGNtRnBiaTR3TURrNU9TMXZaaTB3TVRBeU5DNXFjMjl1TG1kNklpd2lkSEpsWlY5dmFXUWlPaUprWXprME0yTTBZelF3WmpVelpEQXlZak14WTJWa01XUmxabUUzWlRWbU5ETTRaRFU0TmpKbEluMD06MTAwMA%3D%3D "HTTP/1.1 200 OK"
2026-10-04 04:42:26,110 - httpx - [32m[1mINFO[0m - HTTP Request: GET https://us.gcp.cdn.hf.co/xet-bridge-us/621ffdd236468d709f182a80/710f84c15f9a5c8d2a5df8472222ee9e36a55619b333796c2eab3b0c538aed42?xip=VU7X-35DSSs&user_id=public&X-Xet-Cas-Uid=public&response-content-disposition=inline%3B+filename*%3DUTF-[1m8%[0m[1m27%[0m27c4-train.00705-of-01024.json.gz%3B+filename%3D%22c4-train.00705-of-01024.json.gz%[1m22%[0m3B&response-content-type=application%2Fgzip&Expires=1791092546&Policy=eyJTdGF0ZW1lbnQiOlt7IlJlc291cmNlIjoiaHR0cHM6Ly91cy5nY3AuY2RuLmhmLmNvL3hldC1icmlkZ2UtdXMvNjIxZmZkZDIzNjQ2OGQ3MDlmMTgyYTgwLzcxMGY4NGMxNWY5YTVjOGQyYTVkZjg0NzIyMjJlZTllMzZhNTU2MTliMzMzNzk2YzJlYWIzYjBjNTM4YWVkNDJcXD94aXA9VlU3WC0zNURTU3MmdXNlcl9pZD1wdWJsaWMmWC1YZXQtQ2FzLVVpZD1wdWJsaWMmcmVzcG9uc2UtY29udGVudC1kaXNwb3NpdGlvbj0qJnJlc3BvbnNlLWNvbnRlbnQtdHlwZT0qIiwiQ29uZGl0aW9uIjp7IkRhdGVMZXNzVGhhbiI6eyJFcG9jaFRpbWUiOjE3OTEwOTI1NDZ9fX1dfQ__&Signature=MEUCIGwGATdrwAzAtUJfUtZZmXeBQL1SVtKnNdbauOT8gnRIAiEAlW1u1qvE8KACUQKDSXUhKIwGLDfVQU1IcfctHlgWWDg_&Key-Pair-Id=01KXEF4KZ1B6FV465MAWR4M21F&Hash-Algorithm=SHA256 "HTTP/1.1 206 Partial Content"
2026-10-04 04:42:26,131 - httpx - [32m[1mINFO[0m - HTTP Request: GET https://us.gcp.cdn.hf.co/xet-bridge-us/621ffdd236468d709f182a80/a946d63dd10407ee892a6dc64a14927a347f3e9f9c2546ab8ef2be421fcf84ee?X-Xet-Cas-Uid=public&user_id=public&response-content-disposition=inline%3B+filename*%3DUTF-[1m8%[0m[1m27%[0m27c4-train.00217-of-01024.json.gz%3B+filename%3D%22c4-train.00217-of-01024.json.gz%[1m22%[0m3B&xip=VU7X-35DSSs&response-content-type=application%2Fgzip&Expires=1791092546&Policy=eyJTdGF0ZW1lbnQiOlt7IlJlc291cmNlIjoiaHR0cHM6Ly91cy5nY3AuY2RuLmhmLmNvL3hldC1icmlkZ2UtdXMvNjIxZmZkZDIzNjQ2OGQ3MDlmMTgyYTgwL2E5NDZkNjNkZDEwNDA3ZWU4OTJhNmRjNjRhMTQ5MjdhMzQ3ZjNlOWY5YzI1NDZhYjhlZjJiZTQyMWZjZjg0ZWVcXD9YLVhldC1DYXMtVWlkPXB1YmxpYyZ1c2VyX2lkPXB1YmxpYyZyZXNwb25zZS1jb250ZW50LWRpc3Bvc2l0aW9uPSomeGlwPVZVN1gtMzVEU1NzJnJlc3BvbnNlLWNvbnRlbnQtdHlwZT0qIiwiQ29uZGl0aW9uIjp7IkRhdGVMZXNzVGhhbiI6eyJFcG9jaFRpbWUiOjE3OTEwOTI1NDZ9fX1dfQ__&Signature=MEUCIHhuCvbMYP96YQvURjxrJBwC%7EunagyJSC6GQ-hxTZ8WBAiEAlkXhjlu5C15zP9g1lIGmUXZh-T1GlfJSOpO4D5HakbM_&Key-Pair-Id=01KXEF4KZ1B6FV465MAWR4M21F&Hash-Algorithm=SHA256 "HTTP/1.1 206 Partial Content"
2026-10-04 04:42:26,153 - httpx - [32m[1mINFO[0m - HTTP Request: GET https://huggingface.co/datasets/allenai/c4/resolve/1588ec454efa1a09f29cd18ddd04fe05fc8653a2/en/c4-train.00843-of-01024.json.gz "HTTP/1.1 302 Found"
2026-10-04 04:42:26,206 - httpx - [32m[1mINFO[0m - HTTP Request: GET https://us.gcp.cdn.hf.co/xet-bridge-us/621ffdd236468d709f182a80/6d9e3809c7e406251b6651f67b4c02c0942eb2b7e84066510b8e0ca820ab37b4?user_id=public&response-content-disposition=inline%3B+filename*%3DUTF-[1m8%[0m[1m27%[0m27c4-train.00843-of-01024.json.gz%3B+filename%3D%22c4-train.00843-of-01024.json.gz%[1m22%[0m3B&X-Xet-Cas-Uid=public&xip=VU7X-35DSSs&response-content-type=application%2Fgzip&Expires=1791092546&Policy=eyJTdGF0ZW1lbnQiOlt7IlJlc291cmNlIjoiaHR0cHM6Ly91cy5nY3AuY2RuLmhmLmNvL3hldC1icmlkZ2UtdXMvNjIxZmZkZDIzNjQ2OGQ3MDlmMTgyYTgwLzZkOWUzODA5YzdlNDA2MjUxYjY2NTFmNjdiNGMwMmMwOTQyZWIyYjdlODQwNjY1MTBiOGUwY2E4MjBhYjM3YjRcXD91c2VyX2lkPXB1YmxpYyZyZXNwb25zZS1jb250ZW50LWRpc3Bvc2l0aW9uPSomWC1YZXQtQ2FzLVVpZD1wdWJsaWMmeGlwPVZVN1gtMzVEU1NzJnJlc3BvbnNlLWNvbnRlbnQtdHlwZT0qIiwiQ29uZGl0aW9uIjp7IkRhdGVMZXNzVGhhbiI6eyJFcG9jaFRpbWUiOjE3OTEwOTI1NDZ9fX1dfQ__&Signature=MEUCIQCzicMdppCeF416Zzq%7EbAh35t9PhS4yhF2C%7EeZ4CcJ9dAIgQVABoOAzNDv3n1gUPSShRnNInALDaHKTFzTG61mxTHc_&Key-Pair-Id=01KXEF4KZ1B6FV465MAWR4M21F&Hash-Algorithm=SHA256 "HTTP/1.1 206 Partial Content"
...done in 10s
Calibration batches from a fresh sample
Calibration: one fixed batch for the whole run
Baseline: calib loss 2.6556 on the first batch, size 4434.2 MB, one forward pass over a batch takes 31.7s
K-bounds warm-up: bisecting log2(K) in [1.585, 13.000] (K_min: delta +0.4055 (ppl +50.00%) exceeded, K_max: delta +0.0050 (ppl +0.50%) reached)
    log2(K)=1.5850 -> K=3: delta +24.6688 (ppl +5170361463096.57%), size 301.7 MB
    log2(K)=13.0000 -> K=8192: delta -0.0001 (ppl -0.01%), size 3607.0 MB
    log2(K)=7.2925 -> K=157: delta +0.0290 (ppl +2.94%), size 2218.7 MB
    log2(K)=4.4387 -> K=22: delta +12.4560 (ppl +25678577.42%), size 1386.8 MB
    log2(K)=5.8656 -> K=58: delta +0.3971 (ppl +48.74%), size 1664.4 MB
    log2(K)=5.1522 -> K=36: delta +4.9221 (ppl +13628.57%), size 1664.4 MB
    log2(K)=5.5089 -> K=46: delta +1.3408 (ppl +282.21%), size 1664.4 MB
    log2(K)=5.6872 -> K=52: delta +0.7277 (ppl +107.04%), size 1664.4 MB
    log2(K)=5.7764 -> K=55: delta +0.5351 (ppl +70.76%), size 1664.4 MB
    log2(K)=9.3882 -> K=670: delta +0.0019 (ppl +0.19%), size 2773.1 MB
    log2(K)=7.5823 -> K=192: delta +0.0199 (ppl +2.01%), size 2218.7 MB
    log2(K)=8.4853 -> K=358: delta +0.0049 (ppl +0.49%), size 2495.9 MB
    log2(K)=8.0338 -> K=262: delta +0.0119 (ppl +1.19%), size 2495.9 MB
    log2(K)=8.2595 -> K=306: delta +0.0069 (ppl +0.69%), size 2495.9 MB
    log2(K)=8.3724 -> K=331: delta +0.0060 (ppl +0.60%), size 2495.9 MB
    log2(K)=8.4288 -> K=345: delta +0.0061 (ppl +0.61%), size 2495.9 MB
    log2(K)=5.0000 -> K=32: delta +6.5941 (ppl +72974.09%), size 1387.3 MB
    log2(K)=9.0000 -> K=512: delta +0.0030 (ppl +0.30%), size 2495.9 MB
K-bounds warm-up result: K_min=32 (delta +6.5941 (ppl +72974.09%)), K_max=512 (delta +0.0030 (ppl +0.30%)), 18 evaluations
gen 1 initial [1/100] k=273 (used 271.3) c=0.944 alpha=-0.091 beta=+0.091 | loss 2.7455 (delta +0.0899) size 2495.9 MB sparsity 7.2%
gen 1 initial [2/100] k= 41 (used  41.0) c=0.998 alpha=-0.276 beta=+0.276 | loss 11.5733 (delta +8.9176) size 1582.0 MB sparsity 21.6%
gen 1 initial [3/100] k= 45 (used  45.0) c=0.945 alpha=-0.234 beta=+0.234 | loss 9.6181 (delta +6.9625) size 1632.8 MB sparsity 18.5%
gen 1 initial [4/100] k=190 (used 190.0) c=0.982 alpha=-0.033 beta=+0.033 | loss 2.6782 (delta +0.0225) size 2218.7 MB sparsity 2.7%
gen 1 initial [5/100] k=148 (used 143.0) c=0.906 alpha=-0.299 beta=+0.299 | loss 11.3583 (delta +8.7026) size 1976.8 MB sparsity 23.4%
gen 1 initial [6/100] k=261 (used 252.2) c=0.935 alpha=-0.264 beta=+0.264 | loss 10.3029 (delta +7.6472) size 2083.7 MB sparsity 20.7%
gen 1 initial [7/100] k=276 (used 274.4) c=0.919 alpha=-0.085 beta=+0.085 | loss 2.7723 (delta +0.1166) size 2495.9 MB sparsity 6.8%
gen 1 initial [8/100] k= 48 (used  48.0) c=0.968 alpha=-0.251 beta=+0.251 | loss 10.4612 (delta +7.8056) size 1612.6 MB sparsity 19.7%
gen 1 initial [9/100] k= 78 (used  78.0) c=0.937 alpha=-0.032 beta=+0.032 | loss 2.8258 (delta +0.1702) size 1941.6 MB sparsity 3.8%
gen 1 initial [10/100] k= 45 (used  45.0) c=0.948 alpha=-0.300 beta=+0.300 | loss 11.9929 (delta +9.3372) size 1551.5 MB sparsity 23.5%
gen 1 initial [11/100] k=107 (used 105.7) c=0.983 alpha=-0.200 beta=+0.200 | loss 4.2075 (delta +1.5519) size 1911.0 MB sparsity 15.8%
gen 1 initial [12/100] k=321 (used 313.7) c=0.980 alpha=-0.195 beta=+0.195 | loss 3.6626 (delta +1.0070) size 2389.0 MB sparsity 15.4%
gen 1 initial [13/100] k=211 (used 211.0) c=0.914 alpha=-0.027 beta=+0.027 | loss 2.7567 (delta +0.1011) size 2218.7 MB sparsity 2.2%
gen 1 initial [14/100] k=283 (used 273.6) c=0.966 alpha=-0.269 beta=+0.269 | loss 10.1476 (delta +7.4919) size 2246.0 MB sparsity 21.1%
gen 1 initial [15/100] k=113 (used 113.0) c=0.957 alpha=-0.009 beta=+0.009 | loss 2.7335 (delta +0.0779) size 1941.6 MB sparsity 2.6%
gen 1 initial [16/100] k=203 (used 202.9) c=0.947 alpha=-0.072 beta=+0.072 | loss 2.7259 (delta +0.0702) size 2218.7 MB sparsity 5.7%
gen 1 initial [17/100] k=185 (used 185.0) c=0.955 alpha=-0.043 beta=+0.043 | loss 2.7020 (delta +0.0464) size 2218.7 MB sparsity 3.4%
gen 1 initial [18/100] k= 34 (used  34.0) c=0.944 alpha=-0.233 beta=+0.233 | loss 10.5665 (delta +7.9108) size 1634.2 MB sparsity 18.4%
gen 1 initial [19/100] k=341 (used 339.6) c=0.923 alpha=-0.059 beta=+0.059 | loss 2.7249 (delta +0.0692) size 2495.9 MB sparsity 4.7%
gen 1 initial [20/100] k= 71 (used  69.8) c=0.966 alpha=-0.273 beta=+0.273 | loss 10.8860 (delta +8.2304) size 1802.8 MB sparsity 21.4%
gen 1 initial [21/100] k=201 (used 196.8) c=0.941 alpha=-0.197 beta=+0.197 | loss 4.1213 (delta +1.4657) size 2151.3 MB sparsity 15.5%
gen 1 initial [22/100] k= 34 (used  34.0) c=0.909 alpha=-0.011 beta=+0.011 | loss 7.2188 (delta +4.5631) size 1664.4 MB sparsity 8.6%
gen 1 initial [23/100] k= 49 (used  49.0) c=0.950 alpha=-0.002 beta=+0.002 | loss 3.3759 (delta +0.7203) size 1664.4 MB sparsity 6.0%
gen 1 initial [24/100] k=109 (used 109.0) c=0.938 alpha=-0.015 beta=+0.015 | loss 2.7613 (delta +0.1056) size 1941.6 MB sparsity 2.6%
gen 1 initial [25/100] k= 86 (used  85.3) c=0.909 alpha=-0.182 beta=+0.182 | loss 3.9558 (delta +1.3001) size 1936.7 MB sparsity 14.4%
gen 1 initial [26/100] k=397 (used 384.6) c=0.970 alpha=-0.240 beta=+0.240 | loss 7.6242 (delta +4.9685) size 2301.0 MB sparsity 18.9%
gen 1 initial [27/100] k=277 (used 275.7) c=0.972 alpha=-0.072 beta=+0.072 | loss 2.7018 (delta +0.0462) size 2495.9 MB sparsity 5.7%
gen 1 initial [28/100] k= 41 (used  41.0) c=0.990 alpha=-0.255 beta=+0.255 | loss 12.4898 (delta +9.8342) size 1608.0 MB sparsity 20.0%
gen 1 initial [29/100] k= 74 (used  74.0) c=0.958 alpha=-0.017 beta=+0.017 | loss 2.8571 (delta +0.2014) size 1941.6 MB sparsity 4.0%
gen 1 initial [30/100] k=261 (used 253.6) c=0.972 alpha=-0.240 beta=+0.240 | loss 7.6027 (delta +4.9471) size 2128.7 MB sparsity 18.9%
gen 1 initial [31/100] k=161 (used 156.4) c=0.965 alpha=-0.278 beta=+0.278 | loss 10.6894 (delta +8.0337) size 2011.8 MB sparsity 21.8%
gen 1 initial [32/100] k= 35 (used  35.0) c=0.949 alpha=-0.232 beta=+0.232 | loss 11.3456 (delta +8.6900) size 1636.0 MB sparsity 18.3%
gen 1 initial [33/100] k= 42 (used  42.0) c=0.959 alpha=-0.209 beta=+0.209 | loss 8.3768 (delta +5.7212) size 1662.5 MB sparsity 16.5%
gen 1 initial [34/100] k=159 (used 154.7) c=0.935 alpha=-0.251 beta=+0.251 | loss 8.7298 (delta +6.0742) size 2057.5 MB sparsity 19.8%
gen 1 initial [35/100] k=457 (used 457.0) c=0.948 alpha=-0.012 beta=+0.012 | loss 2.6802 (delta +0.0246) size 2495.9 MB sparsity 1.0%
gen 1 initial [36/100] k=122 (used 122.0) c=0.949 alpha=-0.061 beta=+0.061 | loss 2.7502 (delta +0.0946) size 1941.6 MB sparsity 4.8%
gen 1 initial [37/100] k=118 (used 118.0) c=0.927 alpha=-0.037 beta=+0.037 | loss 2.7682 (delta +0.1126) size 1941.6 MB sparsity 3.0%
gen 1 initial [38/100] k=107 (used 106.1) c=0.902 alpha=-0.151 beta=+0.151 | loss 3.2538 (delta +0.5981) size 1941.5 MB sparsity 12.0%
gen 1 initial [39/100] k= 47 (used  47.0) c=0.955 alpha=-0.224 beta=+0.224 | loss 8.6005 (delta +5.9448) size 1646.0 MB sparsity 17.6%
gen 1 initial [40/100] k= 69 (used  69.0) c=0.966 alpha=-0.189 beta=+0.189 | loss 4.6986 (delta +2.0430) size 1926.3 MB sparsity 14.9%
gen 1 initial [41/100] k= 43 (used  43.0) c=0.992 alpha=-0.255 beta=+0.255 | loss 11.3665 (delta +8.7109) size 1607.4 MB sparsity 20.1%
gen 1 initial [42/100] k=148 (used 148.0) c=0.937 alpha=-0.047 beta=+0.047 | loss 2.7213 (delta +0.0657) size 2218.7 MB sparsity 3.7%
gen 1 initial [43/100] k= 76 (used  74.5) c=0.995 alpha=-0.220 beta=+0.220 | loss 7.1905 (delta +4.5348) size 1881.5 MB sparsity 17.4%
gen 1 initial [44/100] k= 64 (used  63.0) c=0.994 alpha=-0.058 beta=+0.058 | loss 2.9385 (delta +0.2829) size 1664.4 MB sparsity 5.1%
gen 1 initial [45/100] k=106 (used 105.0) c=0.999 alpha=-0.081 beta=+0.081 | loss 2.7562 (delta +0.1006) size 1941.6 MB sparsity 6.5%
gen 1 initial [46/100] k=378 (used 368.1) c=0.989 alpha=-0.213 beta=+0.213 | loss 4.7261 (delta +2.0705) size 2354.2 MB sparsity 16.8%
gen 1 initial [47/100] k=271 (used 261.0) c=0.966 alpha=-0.294 beta=+0.294 | loss 10.6691 (delta +8.0134) size 2151.0 MB sparsity 23.0%
gen 1 initial [48/100] k=253 (used 247.7) c=0.926 alpha=-0.183 beta=+0.183 | loss 3.5126 (delta +0.8569) size 2173.4 MB sparsity 14.5%
gen 1 initial [49/100] k= 44 (used  43.0) c=0.983 alpha=-0.016 beta=+0.016 | loss 4.4871 (delta +1.8315) size 1664.4 MB sparsity 7.1%
gen 1 initial [50/100] k=168 (used 165.3) c=0.987 alpha=-0.185 beta=+0.185 | loss 3.4301 (delta +0.7744) size 2171.0 MB sparsity 14.6%
